55706285075 0001 11 1
55706392636 0001 11 1
55706502053 0001 11 1
55706611070 0001 11 1
55706721084 0001 11 1
55706830058 0001 11 1
55706941065 0001 11 1
55707051065 0001 11 1
55707161624 0001 11 1
55707270621 0001 11 1
55707379059 0001 11 1
55707489068 0001 11 1
55707597054 0001 11 1
55707706035 0001 11 1
55707814613 0001 11 1
55707923611 0001 11 1
55708033608 0001 11 1
55708142028 0001 11 1
55708249607 0001 11 1
55708358023 0001 11 1
55708465051 0001 11 1
55708573600 0001 11 1
55708682191 0001 11 1
55708789036 0001 11 1
55708898015 0001 11 1
55709008014 0001 11 1
55709119030 0001 11 1
55709228591 0001 11 1
55709339588 0001 11 1
55709450587 0001 11 1
55709562004 0001 11 1
55709672113 0001 11 1
55709781582 0001 11 1
55709891018 0001 11 1
55709999996 0001 11 1
55710109016 0001 11 1
55710219027 0001 1122 1
55710328006 0001 1122 1
55710436584 0001 1122 1
55710546003 0001 1122 1
55710656002 0001 1122 1
55710766050 0001 1122 1
55710876577 0001 1122 1
55710986011 0001 112233 1
55711095591 0001 112233 1
55711203591 0001 112233 1
55711310588 0001 112233 1
55711419024 0001 112233 1
55711531600 0001 11223344 1
55711638017 0001 11223344 1
55711745597 0001 11223344 1
55711853032 0001 11223344 1
55711962593 0001 11223344 1
55712073169 0001 11223344 1
55712183028 0001 11223344 1
55712296024 0001 1122334455 1
55712399602 0001 1122334455 1
55712509052 0001 112233445566 1
55712619066 0001 11223344556677 1
55712727065 0001 11223344556677 1
55712828043 0001 11223344556677 1
55712936640 0001 1122334455667788 1
55713045075 0001 1122334455667788 1
55713156055 0001 1122334455667788 1
55713265082 0001 1122334455667788 1
55713373070 0001 1122334455667788 1
55713482632 0001 1122334455667788 1
55713593072 0001 1122334455667788 1
55713703068 0001 1122334455667788 1
55713812218 0001 1122334455667788 1
55713920624 0001 1122334455667788 1
55714029624 0001 1122334455667788 1
55714139199 0001 1122334455667788 1
55714249061 0001 1122334455667788 1
55714356617 0001 1122334455667788 1
55714466034 0001 1122334455667788 1
55714574205 0001 1122334455667788 1
55714684079 0001 1122334455667788 1
55714795047 0001 1122334455667788 1
55714904200 0001 1122334455667788 1
55715014026 0001 1122334455667788 1
55715124022 0001 1122334455667788 1
55715233181 0001 1122334455667788 1
55715341602 0001 1122334455667788 1
55715449601 0001 1122334455667788 1
55715558599 0001 1122334455667788 1
55715668596 0016 1122334455667788 1
55715780010 0016 1122334455667788 1
55715888593 0016 1122334455667788 1
55715997027 0016 1122334455667788 1
55716109026 0016 1122334455667788 1
55716220005 0016 1122334455667788 1
55716331585 0016 1122334455667788 1
55716442110 0016 1122334455667788 1
55716553160 0016 1122334455667788 1
55716663997 0016 1122334455667788 1
55716777021 0016 1122334455667788 1
55716887993 0016 1122334455667788 1
55716999575 0016 1122334455667788 1
55717109573 0016 1122334455667788 1
55717218573 0016 1122334455667788 1
55717329146 0016 1122334455667788 1
55717437004 0016 1122334455667788 1
55717547982 0016 1122334455667788 1
55717653982 0016 1122334455667788 1
55717763978 0016 1122334455667788 1
55717872562 0001 1122334455667788 1
55717981138 0000 1122334455667788 1
55718090558 0000 1122334455667788 1
55718199556 0001 1122334455667788 1
55718307552 0016 1122334455667788 1
55718417552 0016 1122334455667788 1
55718527550 0016 1122334455667788 1
55718636547 0016 1122334455667788 1
55718745547 0016 1122334455667788 1
55718854981 0016 1122334455667788 1
55718963543 0016 1122334455667788 1
55719073118 0016 1122334455667788 1
55719182975 0016 1122334455667788 1
55719292538 0016 1122334455667788 1
55719403536 0016 1122334455667788 1
55719514971 0016 1122334455667788 1
55719624532 0016 1122334455667788 1
55719733530 0016 1122334455667788 1
55719844528 0016 1122334455667788 1
55719952526 0016 1122334455667788 1
55720062525 0016 1122334455667788 1
55720172961 0016 1122334455667788 1
55720281522 0016 1122334455667788 1
55720390109 0016 1122334455667788 1
55720498956 0016 1122334455667788 1
55720608965 0016 1122334455667788 1
55720718951 0016 1122334455667788 1
55720826949 0016 1122334455667788 1
55720936511 0016 1122334455667788 1
55721044100 0016 1122334455667788 1
55721154946 0016 1122334455667788 1
55721262942 0016 1122334455667788 1
55721372942 0016 1122334455667788 1
55721480502 0016 1122334455667788 1
55721589502 0001 1122334455667788 1
55721698937 0014 1122334455667788 1
55721808947 0014 1122334455667788 1
55721919497 0014 1122334455667788 1
55722026931 0014 1122334455667788 1
55722133963 0144 1122334455667788 1
55722243490 0144 1122334455667788 1
55722351906 0144 1122334455667788 1
55722460924 0144 1122334455667788 1
55722573903 0144 1122334455667788 1
55722683062 0144 1122334455667788 1
55722792481 0144 1122334455667788 1
55722904481 0144 1122334455667788 1
55723013896 0144 1122334455667788 1
55723123054 0144 1122334455667788 1
55723233051 0144 1122334455667788 1
55723343891 0144 1122334455667788 1
55723452061 0144 1122334455667788 1
55723561887 0144 1122334455667788 1
55723670904 0144 1122334455667788 1
55723780903 0144 1122334455667788 1
55723889881 0144 1122334455667788 1
55723999461 0144 1122334455667788 1
55724109459 0144 1122334455667788 1
55724217458 0144 1122334455667788 1
55724326894 0144 1122334455667788 1
55724433467 0144 1122334455667788 1
55724543872 0144 1122334455667788 1
55724653451 0144 1122334455667788 1
55724762887 0144 1122334455667788 1
55724873865 0144 1122334455667788 1
55724985974 0144 1122334455667788 1
55725097443 0144 1122334455667788 1
55725209443 0014 1122334455667788 1
55725318876 0014 1122334455667788 1
55725427860 0014 1122334455667788 1
55725536438 0014 1122334455667788 1
55725645436 0014 1122334455667788 1
55725755850 0014 1122334455667788 1
55725865010 0014 1122334455667788 1
55725973430 0014 1122334455667788 1
55726083007 0014 1122334455667788 1
55726193427 0001 1122334455667788 1
55726300862 0001 1122334455667788 1
55726409840 0001 1122334455667788 1
55726517839 0001 1122334455667788 1
55726628009 0001 1122334455667788 1
55726735836 0001 1122334455667788 1
55726845416 0001 1122334455667788 1
55726956415 0001 1122334455667788 1
55727064414 0001 1122334455667788 1
55727172849 0001 1122334455667788 1
55727282408 0001 1122334455667788 1
55727391826 0001 1122334455667788 1
55727501823 0001 1122334455667788 1
55727610404 0001 1122334455667788 1
55727717820 0001 1122334455667788 1
55727830401 0001 1122334455667788 1
55727937817 0001 1122334455667788 1
55728046833 0001 1122334455667788 1
55728155394 0001 1122334455667788 1
55728264835 0001 1122334455667788 1
55728373809 0001 1122334455667788 1
55728482827 0001 1122334455667788 1
55728592387 0001 1122334455667788 1
55728701806 0001 1122334455667788 1
55728811851 0001 1122334455667788 1
55728921801 0001 1122334455667788 1
55729030382 0001 1122334455667788 1
55729139796 0001 1122334455667788 1
55729245846 0001 1122334455667788 1
55729352802 0001 11223344556677 1
55729462778 0001 112233445566 1
55729571744 0001 1122334455 1
55729683307 0001 11223344 1
55729790743 0001 11223344 1
55729899706 0001 112233 1
55730008270 0001 1122 1
55730118268 0001 1122 1
55730227685 0001 1122 1
55730337686 0001 1122 1
55730446263 0001 1122 1
55730555262 0001 1122 1
55730663678 0001 1122 1
55730771676 0001 1122 1
55730881242 0001 11 1
55730989239 0001 11 1
55731099238 0001 11 1
55731207655 0001 11 1
55731317653 0001 11 1
55731427651 0001 11 1
55731536232 0001 11 1
55731645648 0001 11 1
55731755226 0001 11 1
55731864224 0001 11 1
55731973224 0001 11 1
55732081221 0001 11 1
55732190799 0001 11 1
55732299637 0001 11 1
55732408217 0001 11 1
55732516653 0001 11 1
55732625212 0001 11 1
55732734651 0001 11 1
55732843628 0001 11 1
55732953626 0001 11 1
55733064206 0001 11 1
55733175624 0001 11 1
55733286202 0001 11 1
55733396199 0001 11 1
55733506637 0001 11 1
55733616647 0001 11 1
55733725623 0001 11 1
55733835787 0001 11 1
55733946192 0001 11 1
55734055608 0001 11 1
55734163608 0001 11 1
55734273187 0001 11 1
55734383184 0001 11 1
55734492184 0001 11 1
55734600624 0001 11 1
55734709598 0001 11 1
55734819176 0001 11 1
55734927706 0001 11 1
55735038613 0001 11 1
55735146612 0001 11 1
55735254609 0001 11 1
55737686131 0001 11 1
55737794567 0001 11 1
55737903545 0001 11 1
55738012563 0001 11 1
55738121651 0001 11 1
55738235542 0001 11 1
55738344563 0001 11 1
55738453537 0001 11 1
55738567117 0001 11 1
55738677115 0001 11 1
55738786691 0001 11 1
55738895112 0001 11 1
55739002547 0001 11 1
55739111527 0001 11 1
55739220545 0001 11 1
55739328553 0001 11 1
55739437521 0001 11 1
55739546540 0001 11 1
55739654537 0001 11 1
55739763516 0001 11 1
55739873515 0001 11 1
55739983094 0001 11 1
55740092092 0001 11 1
55740201510 0001 11 1
55740312087 0001 11 1
55740423504 0001 11 1
55740531504 0001 11 1
55740641501 0001 11 1
55740750520 0001 11 1
55740860079 0001 11 1
55740969497 0001 11 1
55741080520 0001 11 1
55741190653 0001 11 1
55741300071 0001 11 1
55741408070 0001 11 1
55741517067 0001 11 1
55741624512 0001 11 1
55741732504 0001 11 1
55741841483 0001 11 1
55741953481 0001 11 1
55742062060 0001 11 1
55742170058 0001 11 1
55742278496 0001 11 1
55742388634 0001 11 1
55742498492 0001 11 1
55742607642 0001 11 1
55742716487 0001 11 1
55742825577 0001 11 1
55742934484 0001 11 1
55743043512 0001 11 1
55743152623 0001 11 1
55743261509 0001 11 1
55743372619 0001 11 1
55743480616 0001 11 1
55743590035 0001 11 1
55743698033 0001 11 1
55743807032 0001 11 1
55743914029 0001 11 1
55744024473 0001 11 1
55744133026 0001 11 1
55744242462 0001 11 1
55744352021 0001 11 1
55744461021 0001 11 1
55744570457 0001 11 1
55744678017 0001 11 1
55744786454 0001 11 1
55744896464 0001 11 1
55745007431 0001 11 1
55745116010 0001 11 1
55745227008 0001 11 1
55745338588 0001 11 1
55745448004 0001 11 1
55745558004 0001 11 1
55745668001 0001 11 1
55745775473 0001 11 1
55745883527 0001 11 1
55745992439 0001 11 1
55746099994 0001 11 1
55746210431 0001 11 1
55746319990 0001 11 1
55746428990 0001 11 1
55746538425 0001 11 1
55746647987 0001 11 1
55746756984 0001 11 1
55746867401 0001 11 1
55746978562 0001 11 1
55747088438 0001 11 1
55747195394 0015 11 1
55747303976 0015 11 1
55747413567 0015 11 1
55747520970 0015 11 1
55747630407 0015 11 1
55747744966 0015 11 1
55747853966 0015 11 1
55747963964 0015 11 1
55748076400 0015 11 1
55748183961 0015 11 1
55748293378 0015 11 1
55748401955 0015 11 1
55748511384 0015 11 1
